
There are no discarded input sections

Memory Configuration

Name             Origin             Length             Attributes
RAM              0x20000000         0x00042000         xrw
SCRATCH_X        0x20040000         0x00001000         xrw
SCRATCH_Y        0x20041000         0x00001000         xrw
*default*        0x00000000         0xffffffff

Linker script and memory map

LOAD CMakeFiles/firmware.dir/src/start.s.obj
LOAD CMakeFiles/firmware.dir/src/main.c.obj

.text           0x20000000      0x17c
 *(.vectors)
 .vectors       0x20000000       0x70 CMakeFiles/firmware.dir/src/start.s.obj
                0x20000000                __vectors
                0x20000050                _reset_handler
 *(.text*)
 .text          0x20000070        0x0 CMakeFiles/firmware.dir/src/start.s.obj
 .text          0x20000070      0x10c CMakeFiles/firmware.dir/src/main.c.obj
                0x20000070                xosc_init
                0x200000ac                uart_init
                0x20000114                uart_putc
                0x2000012c                main
 *(.ram_code*)
 *(.rodata*)
                0x2000017c                        . = ALIGN (0x4)
                0x2000017c                        _etext = .

.glue_7         0x2000017c        0x0
 .glue_7        0x2000017c        0x0 linker stubs

.glue_7t        0x2000017c        0x0
 .glue_7t       0x2000017c        0x0 linker stubs

.vfp11_veneer   0x2000017c        0x0
 .vfp11_veneer  0x2000017c        0x0 linker stubs

.v4_bx          0x2000017c        0x0
 .v4_bx         0x2000017c        0x0 linker stubs

.iplt           0x2000017c        0x0
 .iplt          0x2000017c        0x0 CMakeFiles/firmware.dir/src/start.s.obj

.rel.dyn        0x2000017c        0x0
 .rel.iplt      0x2000017c        0x0 CMakeFiles/firmware.dir/src/start.s.obj

.data           0x2000017c        0x0
                0x2000017c                        _sdata = .
 *(.data*)
 .data          0x2000017c        0x0 CMakeFiles/firmware.dir/src/start.s.obj
 .data          0x2000017c        0x0 CMakeFiles/firmware.dir/src/main.c.obj
                0x2000017c                        _edata = .

.igot.plt       0x2000017c        0x0
 .igot.plt      0x2000017c        0x0 CMakeFiles/firmware.dir/src/start.s.obj

.bss            0x2000017c        0x0
                0x2000017c                        _sbss = .
 *(.bss*)
 .bss           0x2000017c        0x0 CMakeFiles/firmware.dir/src/start.s.obj
 .bss           0x2000017c        0x0 CMakeFiles/firmware.dir/src/main.c.obj
 *(COMMON)
                0x2000017c                        _ebss = .
                0x20042000                        _estack = (ORIGIN (RAM) + LENGTH (RAM))
OUTPUT(firmware elf32-littlearm)
LOAD linker stubs

.ARM.attributes
                0x00000000       0x2e
 .ARM.attributes
                0x00000000       0x22 CMakeFiles/firmware.dir/src/start.s.obj
 .ARM.attributes
                0x00000022       0x2c CMakeFiles/firmware.dir/src/main.c.obj

.comment        0x00000000       0x26
 .comment       0x00000000       0x26 CMakeFiles/firmware.dir/src/main.c.obj
                                 0x27 (size before relaxing)

.debug_line     0x00000000      0x231
 .debug_line    0x00000000       0x59 CMakeFiles/firmware.dir/src/start.s.obj
 .debug_line    0x00000059      0x1d8 CMakeFiles/firmware.dir/src/main.c.obj

.debug_line_str
                0x00000000       0x84
 .debug_line_str
                0x00000000       0x84 CMakeFiles/firmware.dir/src/start.s.obj

.debug_info     0x00000000      0x17d
 .debug_info    0x00000000       0x24 CMakeFiles/firmware.dir/src/start.s.obj
 .debug_info    0x00000024      0x159 CMakeFiles/firmware.dir/src/main.c.obj

.debug_abbrev   0x00000000      0x117
 .debug_abbrev  0x00000000       0x14 CMakeFiles/firmware.dir/src/start.s.obj
 .debug_abbrev  0x00000014      0x103 CMakeFiles/firmware.dir/src/main.c.obj

.debug_aranges  0x00000000       0x40
 .debug_aranges
                0x00000000       0x20 CMakeFiles/firmware.dir/src/start.s.obj
 .debug_aranges
                0x00000020       0x20 CMakeFiles/firmware.dir/src/main.c.obj

.debug_str      0x00000000      0x1e4
 .debug_str     0x00000000      0x1e4 CMakeFiles/firmware.dir/src/start.s.obj
                                 0x90 (size before relaxing)
 .debug_str     0x000001e4      0x1cc CMakeFiles/firmware.dir/src/main.c.obj

.debug_rnglists
                0x00000000       0x17
 .debug_rnglists
                0x00000000       0x17 CMakeFiles/firmware.dir/src/main.c.obj

.debug_frame    0x00000000       0x60
 .debug_frame   0x00000000       0x60 CMakeFiles/firmware.dir/src/main.c.obj
